This is e-pTeX, Version 3.14159265-p3.6-141210-2.6 (utf8.euc) (TeX Live 2015) (preloaded format=platex 2016.1.7)  27 JUL 2016 03:40
entering extended mode
 restricted \write18 enabled.
 file:line:error style messages enabled.
 %&-line parsing enabled.
**paper
(./paper.tex
pLaTeX2e <2006/11/10> (based on LaTeX2e <2015/01/01> patch level 0)
Babel <3.9l> and hyphenation patterns for 79 languages loaded.
(./llncs.cls
Document Class: llncs 2010/07/12 v2.17 
 LaTeX document class for Lecture Notes in Computer Science
(/usr/local/texlive/2015/texmf-dist/tex/latex/base/article.cls
Document Class: article 2014/09/29 v1.4h Standard LaTeX document class
(/usr/local/texlive/2015/texmf-dist/tex/latex/base/size10.clo
File: size10.clo 2014/09/29 v1.4h Standard LaTeX file (size option)
)
\c@part=\count81
\c@section=\count82
\c@subsection=\count83
\c@subsubsection=\count84
\c@paragraph=\count85
\c@subparagraph=\count86
\c@figure=\count87
\c@table=\count88
\abovecaptionskip=\skip41
\belowcaptionskip=\skip42
\bibindent=\dimen118
)
(/usr/local/texlive/2015/texmf-dist/tex/latex/tools/multicol.sty
Package: multicol 2015/03/31 v1.8m multicolumn formatting (FMi)
\c@tracingmulticols=\count89
\mult@box=\box41
\multicol@leftmargin=\dimen119
\c@unbalance=\count90
\c@collectmore=\count91
\doublecol@number=\count92
\multicoltolerance=\count93
\multicolpretolerance=\count94
\full@width=\dimen120
\page@free=\dimen121
\premulticols=\dimen122
\postmulticols=\dimen123
\multicolsep=\skip43
\multicolbaselineskip=\skip44
\partial@page=\box42
\last@line=\box43
\maxbalancingoverflow=\dimen124
\mult@rightbox=\box44
\mult@grightbox=\box45
\mult@gfirstbox=\box46
\mult@firstbox=\box47
\@tempa=\box48
\@tempa=\box49
\@tempa=\box50
\@tempa=\box51
\@tempa=\box52
\@tempa=\box53
\@tempa=\box54
\@tempa=\box55
\@tempa=\box56
\@tempa=\box57
\@tempa=\box58
\@tempa=\box59
\@tempa=\box60
\@tempa=\box61
\@tempa=\box62
\@tempa=\box63
\@tempa=\box64
\c@columnbadness=\count95
\c@finalcolumnbadness=\count96
\last@try=\dimen125
\multicolovershoot=\dimen126
\multicolundershoot=\dimen127
\mult@nat@firstbox=\box65
\colbreak@box=\box66
\mc@col@check@num=\count97
)
(./aliascnt.sty
Package: aliascnt 2009/09/08 v1.3 Alias counter (HO)
 (./remreset.sty))
\c@chapter=\count98
LaTeX Font Info:    Redeclaring math symbol \Gamma on input line 362.
LaTeX Font Info:    Redeclaring math symbol \Delta on input line 363.
LaTeX Font Info:    Redeclaring math symbol \Theta on input line 364.
LaTeX Font Info:    Redeclaring math symbol \Lambda on input line 365.
LaTeX Font Info:    Redeclaring math symbol \Xi on input line 366.
LaTeX Font Info:    Redeclaring math symbol \Pi on input line 367.
LaTeX Font Info:    Redeclaring math symbol \Sigma on input line 368.
LaTeX Font Info:    Redeclaring math symbol \Upsilon on input line 369.
LaTeX Font Info:    Redeclaring math symbol \Phi on input line 370.
LaTeX Font Info:    Redeclaring math symbol \Psi on input line 371.
LaTeX Font Info:    Redeclaring math symbol \Omega on input line 372.
\tocchpnum=\dimen128
\tocsecnum=\dimen129
\tocsectotal=\dimen130
\tocsubsecnum=\dimen131
\tocsubsectotal=\dimen132
\tocsubsubsecnum=\dimen133
\tocsubsubsectotal=\dimen134
\tocparanum=\dimen135
\tocparatotal=\dimen136
\tocsubparanum=\dimen137
\@tempcntc=\count99
\fnindent=\dimen138
\c@@inst=\count100
\c@@auth=\count101
\c@auco=\count102
\instindent=\dimen139
\authrun=\box67
\authorrunning=\toks15
\tocauthor=\toks16
\titrun=\box68
\titlerunning=\toks17
\toctitle=\toks18
\c@theorem=\count103
\c@case=\count104
\c@conjecture=\count105
\c@corollary=\count106
\c@definition=\count107
\c@example=\count108
\c@exercise=\count109
\c@lemma=\count110
\c@note=\count111
\c@problem=\count112
\c@property=\count113
\c@proposition=\count114
\c@question=\count115
\c@solution=\count116
\c@remark=\count117
\headlineindent=\dimen140
) (./lhs2TeX-polycode.sty
(/usr/local/texlive/2015/texmf-dist/tex/latex/amsmath/amstext.sty
Package: amstext 2000/06/29 v2.01

(/usr/local/texlive/2015/texmf-dist/tex/latex/amsmath/amsgen.sty
File: amsgen.sty 1999/11/30 v2.0
\@emptytoks=\toks19
\ex@=\dimen141
))
(/usr/local/texlive/2015/texmf-dist/tex/latex/amsfonts/amssymb.sty
Package: amssymb 2013/01/14 v3.01 AMS font symbols

(/usr/local/texlive/2015/texmf-dist/tex/latex/amsfonts/amsfonts.sty
Package: amsfonts 2013/01/14 v3.01 Basic AMSFonts support
\symAMSa=\mathgroup4
\symAMSb=\mathgroup5
LaTeX Font Info:    Overwriting math alphabet `\mathfrak' in version `bold'
(Font)                  U/euf/m/n --> U/euf/b/n on input line 106.
))
(/usr/local/texlive/2015/texmf-dist/tex/latex/stmaryrd/stmaryrd.sty
Package: stmaryrd 1994/03/03 St Mary's Road symbol package
\symstmry=\mathgroup6
LaTeX Font Info:    Overwriting symbol font `stmry' in version `bold'
(Font)                  U/stmry/m/n --> U/stmry/b/n on input line 89.
)
(./polytable.sty
Package: polytable 2009/11/01 v0.8.4 `polytable' package (Andres Loeh)
 (./lazylist.sty)
(/usr/local/texlive/2015/texmf-dist/tex/latex/tools/array.sty
Package: array 2014/10/28 v2.4c Tabular extension package (FMi)
\col@sep=\dimen142
\extrarowheight=\dimen143
\NC@list=\toks20
\extratabsurround=\skip45
\backup@length=\skip46
)
\PT@colwidth=\dimen144
\PT@cols=\count118
\PT@table=\count119
\PT@toks=\toks21
\PT@in=\read1
\PT@out=\write3
)
\mathindent=\dimen145
\blanklineskip=\skip47

(/usr/local/texlive/2015/texmf-dist/tex/latex/tools/calc.sty
Package: calc 2014/10/28 v4.3 Infix arithmetic (KKT,FJ)
\calc@Acount=\count120
\calc@Bcount=\count121
\calc@Adimen=\dimen146
\calc@Bdimen=\dimen147
\calc@Askip=\skip48
\calc@Bskip=\skip49
LaTeX Info: Redefining \setlength on input line 80.
LaTeX Info: Redefining \addtolength on input line 81.
\calc@Ccount=\count122
\calc@Cskip=\skip50
))
(/usr/local/texlive/2015/texmf-dist/tex/latex/graphics/color.sty
Package: color 2014/10/28 v1.1a Standard LaTeX Color (DPC)

(/usr/local/texlive/2015/texmf-dist/tex/latex/latexconfig/color.cfg
File: color.cfg 2007/01/18 v1.5 color configuration of teTeX/TeXLive
)
Package color Info: Driver file: dvips.def on input line 142.

(/usr/local/texlive/2015/texmf-dist/tex/latex/graphics/dvips.def
File: dvips.def 2014/10/14 v3.0j Driver-dependent file (DPC,SPQR)
)
(/usr/local/texlive/2015/texmf-dist/tex/latex/graphics/dvipsnam.def
File: dvipsnam.def 2014/10/14 v3.0j Driver-dependent file (DPC,SPQR)
))
(/usr/local/texlive/2015/texmf-dist/tex/latex/cite/cite.sty
LaTeX Info: Redefining \cite on input line 302.
LaTeX Info: Redefining \nocite on input line 332.
Package: cite 2015/02/27  v 5.5
)
(/usr/local/texlive/2015/texmf-dist/tex/latex/comment/comment.sty
\CommentStream=\write4

Excluding comment 'comment')
(/usr/local/texlive/2015/texmf-dist/tex/latex/graphics/graphicx.sty
Package: graphicx 2014/10/28 v1.0g Enhanced LaTeX Graphics (DPC,SPQR)

(/usr/local/texlive/2015/texmf-dist/tex/latex/graphics/keyval.sty
Package: keyval 2014/10/28 v1.15 key=value parser (DPC)
\KV@toks@=\toks22
)
(/usr/local/texlive/2015/texmf-dist/tex/latex/graphics/graphics.sty
Package: graphics 2014/10/28 v1.0p Standard LaTeX Graphics (DPC,SPQR)

(/usr/local/texlive/2015/texmf-dist/tex/latex/graphics/trig.sty
Package: trig 1999/03/16 v1.09 sin cos tan (DPC)
)
(/usr/local/texlive/2015/texmf-dist/tex/latex/latexconfig/graphics.cfg
File: graphics.cfg 2010/04/23 v1.9 graphics configuration of TeX Live
)
Package graphics Info: Driver file: dvips.def on input line 94.
)
\Gin@req@height=\dimen148
\Gin@req@width=\dimen149
)
(/usr/local/texlive/2015/texmf-dist/tex/latex/amsmath/amsmath.sty
Package: amsmath 2013/01/14 v2.14 AMS math features
\@mathmargin=\skip51

For additional information on amsmath, use the `?' option.
(/usr/local/texlive/2015/texmf-dist/tex/latex/amsmath/amsbsy.sty
Package: amsbsy 1999/11/29 v1.2d
\pmbraise@=\dimen150
)
(/usr/local/texlive/2015/texmf-dist/tex/latex/amsmath/amsopn.sty
Package: amsopn 1999/12/14 v2.01 operator names
)
\inf@bad=\count123
LaTeX Info: Redefining \frac on input line 210.
\uproot@=\count124
\leftroot@=\count125
LaTeX Info: Redefining \overline on input line 306.
\classnum@=\count126
\DOTSCASE@=\count127
LaTeX Info: Redefining \ldots on input line 378.
LaTeX Info: Redefining \dots on input line 381.
LaTeX Info: Redefining \cdots on input line 466.
\Mathstrutbox@=\box69
\strutbox@=\box70
\big@size=\dimen151
LaTeX Font Info:    Redeclaring font encoding OML on input line 566.
LaTeX Font Info:    Redeclaring font encoding OMS on input line 567.


Package amsmath Warning: Unable to redefine math accent \vec.

\macc@depth=\count128
\c@MaxMatrixCols=\count129
\dotsspace@=\muskip10
\c@parentequation=\count130
\dspbrk@lvl=\count131
\tag@help=\toks23
\row@=\count132
\column@=\count133
\maxfields@=\count134
\andhelp@=\toks24
\eqnshift@=\dimen152
\alignsep@=\dimen153
\tagshift@=\dimen154
\tagwidth@=\dimen155
\totwidth@=\dimen156
\lineht@=\dimen157
\@envbody=\toks25
\multlinegap=\skip52
\multlinetaggap=\skip53
\mathdisplay@stack=\toks26
LaTeX Info: Redefining \[ on input line 2665.
LaTeX Info: Redefining \] on input line 2666.
) (/usr/local/texlive/2015/texmf-dist/tex/latex/tools/enumerate.sty
Package: enumerate 2014/10/28 v3.00 enumerate extensions (DPC)
\@enLab=\toks27
)
(/usr/local/texlive/2015/texmf-dist/tex/latex/tools/xspace.sty
Package: xspace 2014/10/28 v1.13 Space after command names (DPC,MH)
)
(/usr/local/texlive/2015/texmf-dist/tex/latex/url/url.sty
\Urlmuskip=\muskip11
Package: url 2013/09/16  ver 3.4  Verb mode for urls, etc.
)
LaTeX Font Info:    Redeclaring math symbol \lbag on input line 28.
LaTeX Font Info:    Redeclaring math symbol \rbag on input line 29.

(/usr/local/texlive/2015/texmf-dist/tex/latex/base/textcomp.sty
Package: textcomp 2005/09/27 v1.99g Standard LaTeX package
Package textcomp Info: Sub-encoding information:
(textcomp)               5 = only ISO-Adobe without \textcurrency
(textcomp)               4 = 5 + \texteuro
(textcomp)               3 = 4 + \textohm
(textcomp)               2 = 3 + \textestimated + \textcurrency
(textcomp)               1 = TS1 - \textcircled - \t
(textcomp)               0 = TS1 (full)
(textcomp)             Font families with sub-encoding setting implement
(textcomp)             only a restricted character set as indicated.
(textcomp)             Family '?' is the default used for unknown fonts.
(textcomp)             See the documentation for details.
Package textcomp Info: Setting ? sub-encoding to TS1/1 on input line 79.

(/usr/local/texlive/2015/texmf-dist/tex/latex/base/ts1enc.def
File: ts1enc.def 2001/06/05 v3.0e (jk/car/fm) Standard LaTeX file
)
LaTeX Info: Redefining \oldstylenums on input line 334.
Package textcomp Info: Setting cmr sub-encoding to TS1/0 on input line 349.
Package textcomp Info: Setting cmss sub-encoding to TS1/0 on input line 350.
Package textcomp Info: Setting cmtt sub-encoding to TS1/0 on input line 351.
Package textcomp Info: Setting cmvtt sub-encoding to TS1/0 on input line 352.
Package textcomp Info: Setting cmbr sub-encoding to TS1/0 on input line 353.
Package textcomp Info: Setting cmtl sub-encoding to TS1/0 on input line 354.
Package textcomp Info: Setting ccr sub-encoding to TS1/0 on input line 355.
Package textcomp Info: Setting ptm sub-encoding to TS1/4 on input line 356.
Package textcomp Info: Setting pcr sub-encoding to TS1/4 on input line 357.
Package textcomp Info: Setting phv sub-encoding to TS1/4 on input line 358.
Package textcomp Info: Setting ppl sub-encoding to TS1/3 on input line 359.
Package textcomp Info: Setting pag sub-encoding to TS1/4 on input line 360.
Package textcomp Info: Setting pbk sub-encoding to TS1/4 on input line 361.
Package textcomp Info: Setting pnc sub-encoding to TS1/4 on input line 362.
Package textcomp Info: Setting pzc sub-encoding to TS1/4 on input line 363.
Package textcomp Info: Setting bch sub-encoding to TS1/4 on input line 364.
Package textcomp Info: Setting put sub-encoding to TS1/5 on input line 365.
Package textcomp Info: Setting uag sub-encoding to TS1/5 on input line 366.
Package textcomp Info: Setting ugq sub-encoding to TS1/5 on input line 367.
Package textcomp Info: Setting ul8 sub-encoding to TS1/4 on input line 368.
Package textcomp Info: Setting ul9 sub-encoding to TS1/4 on input line 369.
Package textcomp Info: Setting augie sub-encoding to TS1/5 on input line 370.
Package textcomp Info: Setting dayrom sub-encoding to TS1/3 on input line 371.
Package textcomp Info: Setting dayroms sub-encoding to TS1/3 on input line 372.

Package textcomp Info: Setting pxr sub-encoding to TS1/0 on input line 373.
Package textcomp Info: Setting pxss sub-encoding to TS1/0 on input line 374.
Package textcomp Info: Setting pxtt sub-encoding to TS1/0 on input line 375.
Package textcomp Info: Setting txr sub-encoding to TS1/0 on input line 376.
Package textcomp Info: Setting txss sub-encoding to TS1/0 on input line 377.
Package textcomp Info: Setting txtt sub-encoding to TS1/0 on input line 378.
Package textcomp Info: Setting lmr sub-encoding to TS1/0 on input line 379.
Package textcomp Info: Setting lmdh sub-encoding to TS1/0 on input line 380.
Package textcomp Info: Setting lmss sub-encoding to TS1/0 on input line 381.
Package textcomp Info: Setting lmssq sub-encoding to TS1/0 on input line 382.
Package textcomp Info: Setting lmvtt sub-encoding to TS1/0 on input line 383.
Package textcomp Info: Setting lmtt sub-encoding to TS1/0 on input line 384.
Package textcomp Info: Setting qhv sub-encoding to TS1/0 on input line 385.
Package textcomp Info: Setting qag sub-encoding to TS1/0 on input line 386.
Package textcomp Info: Setting qbk sub-encoding to TS1/0 on input line 387.
Package textcomp Info: Setting qcr sub-encoding to TS1/0 on input line 388.
Package textcomp Info: Setting qcs sub-encoding to TS1/0 on input line 389.
Package textcomp Info: Setting qpl sub-encoding to TS1/0 on input line 390.
Package textcomp Info: Setting qtm sub-encoding to TS1/0 on input line 391.
Package textcomp Info: Setting qzc sub-encoding to TS1/0 on input line 392.
Package textcomp Info: Setting qhvc sub-encoding to TS1/0 on input line 393.
Package textcomp Info: Setting futs sub-encoding to TS1/4 on input line 394.
Package textcomp Info: Setting futx sub-encoding to TS1/4 on input line 395.
Package textcomp Info: Setting futj sub-encoding to TS1/4 on input line 396.
Package textcomp Info: Setting hlh sub-encoding to TS1/3 on input line 397.
Package textcomp Info: Setting hls sub-encoding to TS1/3 on input line 398.
Package textcomp Info: Setting hlst sub-encoding to TS1/3 on input line 399.
Package textcomp Info: Setting hlct sub-encoding to TS1/5 on input line 400.
Package textcomp Info: Setting hlx sub-encoding to TS1/5 on input line 401.
Package textcomp Info: Setting hlce sub-encoding to TS1/5 on input line 402.
Package textcomp Info: Setting hlcn sub-encoding to TS1/5 on input line 403.
Package textcomp Info: Setting hlcw sub-encoding to TS1/5 on input line 404.
Package textcomp Info: Setting hlcf sub-encoding to TS1/5 on input line 405.
Package textcomp Info: Setting pplx sub-encoding to TS1/3 on input line 406.
Package textcomp Info: Setting pplj sub-encoding to TS1/3 on input line 407.
Package textcomp Info: Setting ptmx sub-encoding to TS1/4 on input line 408.
Package textcomp Info: Setting ptmj sub-encoding to TS1/4 on input line 409.
)
\c@algorithm=\count135
 (./macros.tex)
(./paper.aux)
\openout1 = `paper.aux'.

LaTeX Font Info:    Checking defaults for OML/cmm/m/it on input line 41.
LaTeX Font Info:    ... okay on input line 41.
LaTeX Font Info:    Checking defaults for T1/cmr/m/n on input line 41.
LaTeX Font Info:    ... okay on input line 41.
LaTeX Font Info:    Checking defaults for OT1/cmr/m/n on input line 41.
LaTeX Font Info:    ... okay on input line 41.
LaTeX Font Info:    Checking defaults for OMS/cmsy/m/n on input line 41.
LaTeX Font Info:    ... okay on input line 41.
LaTeX Font Info:    Checking defaults for OMX/cmex/m/n on input line 41.
LaTeX Font Info:    ... okay on input line 41.
LaTeX Font Info:    Checking defaults for U/cmr/m/n on input line 41.
LaTeX Font Info:    ... okay on input line 41.
LaTeX Font Info:    Checking defaults for JY1/mc/m/n on input line 41.
LaTeX Font Info:    ... okay on input line 41.
LaTeX Font Info:    Checking defaults for JT1/mc/m/n on input line 41.
LaTeX Font Info:    ... okay on input line 41.
LaTeX Font Info:    Checking defaults for TS1/cmr/m/n on input line 41.
LaTeX Font Info:    Try loading font information for TS1+cmr on input line 41.
 (/usr/local/texlive/2015/texmf-dist/tex/latex/base/ts1cmr.fd
File: ts1cmr.fd 2014/09/29 v2.5h Standard LaTeX font definitions
)
LaTeX Font Info:    ... okay on input line 41.
LaTeX Font Info:    Font shape `JT1/mc/bx/n' in size <14.4> not available
(Font)              Font shape `JT1/gt/m/n' tried instead on input line 45.
LaTeX Font Info:    Font shape `JY1/mc/bx/n' in size <14.4> not available
(Font)              Font shape `JY1/gt/m/n' tried instead on input line 45.
LaTeX Font Info:    Try loading font information for U+msa on input line 45.

(/usr/local/texlive/2015/texmf-dist/tex/latex/amsfonts/umsa.fd
File: umsa.fd 2013/01/14 v3.01 AMS symbols A
)
LaTeX Font Info:    Try loading font information for U+msb on input line 45.

(/usr/local/texlive/2015/texmf-dist/tex/latex/amsfonts/umsb.fd
File: umsb.fd 2013/01/14 v3.01 AMS symbols B
)
LaTeX Font Info:    Try loading font information for U+stmry on input line 45.

(/usr/local/texlive/2015/texmf-dist/tex/latex/stmaryrd/Ustmry.fd)
LaTeX Font Info:    Try loading font information for OMS+cmr on input line 45.

(/usr/local/texlive/2015/texmf-dist/tex/latex/base/omscmr.fd
File: omscmr.fd 2014/09/29 v2.5h Standard LaTeX font definitions
)
LaTeX Font Info:    Font shape `OMS/cmr/m/n' in size <9> not available
(Font)              Font shape `OMS/cmsy/m/n' tried instead on input line 45.
LaTeX Font Info:    Font shape `JT1/mc/bx/n' in size <9> not available
(Font)              Font shape `JT1/gt/m/n' tried instead on input line 47.
LaTeX Font Info:    Font shape `JY1/mc/bx/n' in size <9> not available
(Font)              Font shape `JY1/gt/m/n' tried instead on input line 47.

Overfull \hbox (0.89595pt too wide) in paragraph at lines 55--61
\OT1/cmr/m/n/9 based bidi-rec-tional pro-gram-ming lan-guage, ex-plain-ing its 
prin-ci-ple, show-
 []

(./PutBX.tex
LaTeX Font Info:    Font shape `JT1/mc/bx/n' in size <12> not available
(Font)              Font shape `JT1/gt/m/n' tried instead on input line 334.
LaTeX Font Info:    Font shape `JY1/mc/bx/n' in size <12> not available
(Font)              Font shape `JY1/gt/m/n' tried instead on input line 334.


LaTeX Font Warning: Font shape `JT1/gt/m/it' undefined
(Font)              using `JT1/gt/m/n' instead on input line 336.


LaTeX Font Warning: Font shape `JY1/gt/m/it' undefined
(Font)              using `JY1/gt/m/n' instead on input line 336.


LaTeX Font Warning: Font shape `JT1/mc/m/sc' undefined
(Font)              using `JT1/mc/m/n' instead on input line 350.


LaTeX Font Warning: Font shape `JY1/mc/m/sc' undefined
(Font)              using `JY1/mc/m/n' instead on input line 350.

[1



]
LaTeX Font Info:    Font shape `JT1/mc/bx/n' in size <10> not available
(Font)              Font shape `JT1/gt/m/n' tried instead on input line 397.
LaTeX Font Info:    Font shape `JY1/mc/bx/n' in size <10> not available
(Font)              Font shape `JY1/gt/m/n' tried instead on input line 397.


LaTeX Font Warning: Font shape `JT1/mc/m/it' undefined
(Font)              using `JT1/mc/m/n' instead on input line 397.


LaTeX Font Warning: Font shape `JY1/mc/m/it' undefined
(Font)              using `JY1/mc/m/n' instead on input line 397.

[2]) (./Install.tex
Overfull \hbox (4.6234pt too wide) in paragraph at lines 27--27
[]\OT1/cmtt/m/n/10 Prelude>~/Repositories/prl_tokyo/bigul/SummerSchool16> ghci 
test.hs[] 
 []

) (./PBasic.tex
\openout3 = `paper.ptb'.

 [3]
\openout3 = `paper.ptb'.

\openout3 = `paper.ptb'.

\openout3 = `paper.ptb'.

 [4]
\openout3 = `paper.ptb'.

\openout3 = `paper.ptb'.


Overfull \hbox (14.39845pt too wide) in paragraph at lines 485--490
\OT1/cmr/m/n/10 To use a view pair $(\OT1/cmr/m/it/10 v[]\OML/cmm/m/it/10 ; \OT
1/cmr/m/it/10 v[]\OT1/cmr/m/n/10 )$ to up-date a source pair $(\OT1/cmr/m/it/10
 s[]\OML/cmm/m/it/10 ; \OT1/cmr/m/it/10 s[]\OT1/cmr/m/n/10 )$, we can write $[]
 [] []$,
 []

\openout3 = `paper.ptb'.

\openout3 = `paper.ptb'.


Overfull \hbox (24.40788pt too wide) in paragraph at lines 511--517
 [][] 
 []

\openout3 = `paper.ptb'.

[5]
\openout3 = `paper.ptb'.

\openout3 = `paper.ptb'.

\openout3 = `paper.ptb'.

\openout3 = `paper.ptb'.


Overfull \hbox (18.04968pt too wide) in paragraph at lines 583--596
 [][] 
 []


Overfull \hbox (18.04968pt too wide) in paragraph at lines 583--596
 [][][][][] 
 []


Overfull \hbox (18.04968pt too wide) in paragraph at lines 583--596
 [][][][][] 
 []

\openout3 = `paper.ptb'.

[6]
\openout3 = `paper.ptb'.

\openout3 = `paper.ptb'.


Overfull \hbox (23.1268pt too wide) in paragraph at lines 655--706
 [][][][][][][][][][] 
 []


Overfull \hbox (23.1268pt too wide) in paragraph at lines 655--706
 [][][][][] 
 []


Overfull \hbox (23.1268pt too wide) in paragraph at lines 655--706
 [][][][][] 
 []


Overfull \hbox (23.1268pt too wide) in paragraph at lines 655--706
 [][][][][] 
 []


Overfull \hbox (23.1268pt too wide) in paragraph at lines 655--706
 [][][][][] 
 []


Overfull \hbox (23.1268pt too wide) in paragraph at lines 655--706
 [][][][][][][][][] 
 []


Overfull \hbox (23.1268pt too wide) in paragraph at lines 655--706
 [][][][][] 
 []


Overfull \hbox (23.1268pt too wide) in paragraph at lines 655--706
 [][][][][] 
 []


Overfull \hbox (23.1268pt too wide) in paragraph at lines 655--706
 [][][][][] 
 []


Overfull \hbox (23.1268pt too wide) in paragraph at lines 655--706
 [][][][][] 
 []


Overfull \hbox (23.1268pt too wide) in paragraph at lines 655--706
 [][][][][] 
 []


Overfull \hbox (23.1268pt too wide) in paragraph at lines 655--706
 [][][][][] 
 []

[7]
\openout3 = `paper.ptb'.

\openout3 = `paper.ptb'.

\openout3 = `paper.ptb'.

\openout3 = `paper.ptb'.

 [8]
\openout3 = `paper.ptb'.

\openout3 = `paper.ptb'.

\openout3 = `paper.ptb'.

LaTeX Font Info:    Font shape `OMS/cmr/m/n' in size <10> not available
(Font)              Font shape `OMS/cmsy/m/n' tried instead on input line 915.
\openout3 = `paper.ptb'.

 [9]) (./PList.tex
\openout3 = `paper.ptb'.

\openout3 = `paper.ptb'.

\openout3 = `paper.ptb'.


Overfull \hbox (30.71425pt too wide) in paragraph at lines 402--446
 [][] 
 []


Overfull \hbox (30.71425pt too wide) in paragraph at lines 402--446
 [][][] 
 []


Overfull \hbox (30.71425pt too wide) in paragraph at lines 402--446
 [][][][][][][][][] 
 []


Overfull \hbox (30.71425pt too wide) in paragraph at lines 402--446
 [][][][][] 
 []


Overfull \hbox (30.71425pt too wide) in paragraph at lines 402--446
 [][][][][] 
 []


Overfull \hbox (30.71425pt too wide) in paragraph at lines 402--446
 [][][][][] 
 []


Overfull \hbox (30.71425pt too wide) in paragraph at lines 402--446
 [][][][][] 
 []


Overfull \hbox (30.71425pt too wide) in paragraph at lines 402--446
 [][][][][] 
 []


Overfull \hbox (30.71425pt too wide) in paragraph at lines 402--446
 [][][][][][][] 
 []


Overfull \hbox (30.71425pt too wide) in paragraph at lines 402--446
 [][][][][] 
 []


Overfull \hbox (30.71425pt too wide) in paragraph at lines 402--446
 [][][][][] 
 []

[10]
Overfull \hbox (7.7142pt too wide) in paragraph at lines 456--459
[]\OT1/cmr/m/n/10 Next, we show that many list func-tions can be bidi-rec-tion-
al-ized us-ing $[]$.
 []

\openout3 = `paper.ptb'.

\openout3 = `paper.ptb'.

\openout3 = `paper.ptb'.


Overfull \hbox (40.95694pt too wide) in paragraph at lines 507--578
 [][] 
 []


Overfull \hbox (40.95694pt too wide) in paragraph at lines 507--578
 [][][][][][][][][] 
 []


Overfull \hbox (40.95694pt too wide) in paragraph at lines 507--578
 [][][][][] 
 []


Overfull \hbox (40.95694pt too wide) in paragraph at lines 507--578
 [][][][][] 
 []


Overfull \hbox (40.95694pt too wide) in paragraph at lines 507--578
 [][][][][] 
 []


Overfull \hbox (40.95694pt too wide) in paragraph at lines 507--578
 [][][][][] 
 []


Overfull \hbox (40.95694pt too wide) in paragraph at lines 507--578
 [][][][][] 
 []


Overfull \hbox (40.95694pt too wide) in paragraph at lines 507--578
 [][][][][] 
 []


Overfull \hbox (40.95694pt too wide) in paragraph at lines 507--578
 [][][] 
 []


Overfull \hbox (40.95694pt too wide) in paragraph at lines 507--578
 [][][][][][][] 
 []


Overfull \hbox (40.95694pt too wide) in paragraph at lines 507--578
 [][][][][] 
 []


Overfull \hbox (40.95694pt too wide) in paragraph at lines 507--578
 [][][][][] 
 []


Overfull \hbox (40.95694pt too wide) in paragraph at lines 507--578
 [][][][][] 
 []


Overfull \hbox (40.95694pt too wide) in paragraph at lines 507--578
 [][][][][] 
 []


Overfull \hbox (40.95694pt too wide) in paragraph at lines 507--578
 [][][][][] 
 []


Overfull \hbox (40.95694pt too wide) in paragraph at lines 507--578
 [][][][][] 
 []


Overfull \hbox (40.95694pt too wide) in paragraph at lines 507--578
 [][][][][] 
 []


Overfull \hbox (40.95694pt too wide) in paragraph at lines 507--578
 [][][][][] 
 []


Overfull \hbox (40.95694pt too wide) in paragraph at lines 507--578
 [][][] 
 []


Overfull \hbox (40.95694pt too wide) in paragraph at lines 507--578
 [][][] 
 []

[11]) (./Principle.tex
\openout3 = `paper.ptb'.

 [12]

LaTeX Font Warning: Font shape `JT1/mc/bx/it' undefined
(Font)              using `JT1/mc/bx/n' instead on input line 373.


LaTeX Font Warning: Font shape `JY1/mc/bx/it' undefined
(Font)              using `JY1/mc/bx/n' instead on input line 373.

[13]
\openout3 = `paper.ptb'.

\openout3 = `paper.ptb'.

\openout3 = `paper.ptb'.

\openout3 = `paper.ptb'.

\openout3 = `paper.ptb'.

\openout3 = `paper.ptb'.

 [14]
\openout3 = `paper.ptb'.

\openout3 = `paper.ptb'.

 [15]
\openout3 = `paper.ptb'.

\openout3 = `paper.ptb'.

\openout3 = `paper.ptb'.

 [16]

LaTeX Font Warning: Font shape `JT1/mc/bx/sc' undefined
(Font)              using `JT1/mc/bx/n' instead on input line 609.


LaTeX Font Warning: Font shape `JY1/mc/bx/sc' undefined
(Font)              using `JY1/mc/bx/n' instead on input line 609.


LaTeX Font Warning: Font shape `OT1/cmr/bx/sc' undefined
(Font)              using `OT1/cmr/bx/n' instead on input line 609.

\openout3 = `paper.ptb'.

\openout3 = `paper.ptb'.

\openout3 = `paper.ptb'.

[17]
LaTeX Font Info:    Font shape `JT1/mc/bx/sc' in size <10> not available
(Font)              Font shape `JT1/gt/m/n' tried instead on input line 708.
LaTeX Font Info:    Font shape `JY1/mc/bx/sc' in size <10> not available
(Font)              Font shape `JY1/gt/m/n' tried instead on input line 708.
\openout3 = `paper.ptb'.

\openout3 = `paper.ptb'.



LaTeX Font Warning: Font shape `U/stmry/b/n' undefined
(Font)              using `U/stmry/m/n' instead on input line 810.

\openout3 = `paper.ptb'.

[18]
\openout3 = `paper.ptb'.

\openout3 = `paper.ptb'.

\openout3 = `paper.ptb'.

 [19]
\openout3 = `paper.ptb'.

 [20]
\openout3 = `paper.ptb'.

 [21]
\openout3 = `paper.ptb'.

\openout3 = `paper.ptb'.

\openout3 = `paper.ptb'.

\openout3 = `paper.ptb'.


Overfull \hbox (10.12704pt too wide) in paragraph at lines 1257--1262
[]\OT1/cmr/m/n/10 Now con-sider view re-ar-range-ment, which eval-u-ates a ``si
m-ple'' pattern-matching
 []

\openout3 = `paper.ptb'.

[22]
\openout3 = `paper.ptb'.

\openout3 = `paper.ptb'.

\openout3 = `paper.ptb'.

\openout3 = `paper.ptb'.

\openout3 = `paper.ptb'.

 [23]
\openout3 = `paper.ptb'.

\openout3 = `paper.ptb'.


Overfull \hbox (7.73943pt too wide) in paragraph at lines 1476--1600
 [][] 
 []


Overfull \hbox (7.73943pt too wide) in paragraph at lines 1476--1600
 [][][][][][][] 
 []


Overfull \hbox (7.73943pt too wide) in paragraph at lines 1476--1600
 [][][][][][][] 
 []


Overfull \hbox (7.73943pt too wide) in paragraph at lines 1476--1600
 [][][][][][][] 
 []


Overfull \hbox (7.73943pt too wide) in paragraph at lines 1476--1600
 [][][][][][][][][][][] 
 []


Overfull \hbox (7.73943pt too wide) in paragraph at lines 1476--1600
 [][][][][][][] 
 []


Overfull \hbox (7.73943pt too wide) in paragraph at lines 1476--1600
 [][][][][][][] 
 []


Overfull \hbox (7.73943pt too wide) in paragraph at lines 1476--1600
 [][][][][][][] 
 []


Overfull \hbox (7.73943pt too wide) in paragraph at lines 1476--1600
 [][][][][][][] 
 []


Overfull \hbox (7.73943pt too wide) in paragraph at lines 1476--1600
 [][][] 
 []


Overfull \hbox (7.73943pt too wide) in paragraph at lines 1476--1600
 [][][][][][][][][][][][][] 
 []


Overfull \hbox (7.73943pt too wide) in paragraph at lines 1476--1600
 [][][] 
 []


Overfull \hbox (7.73943pt too wide) in paragraph at lines 1476--1600
 [][][] 
 []


Overfull \hbox (7.73943pt too wide) in paragraph at lines 1476--1600
 [][][][][][][][][][][][][] 
 []


Overfull \hbox (7.73943pt too wide) in paragraph at lines 1476--1600
 [][][][][][][][][][][][][] 
 []


Overfull \hbox (7.73943pt too wide) in paragraph at lines 1476--1600
 [][][][][][][][][][][][][][][] 
 []


Overfull \hbox (7.73943pt too wide) in paragraph at lines 1476--1600
 [][][][][] 
 []


Overfull \hbox (7.73943pt too wide) in paragraph at lines 1476--1600
 [][][][][][][][][][][][][][][] 
 []


Overfull \hbox (7.73943pt too wide) in paragraph at lines 1476--1600
 [][][][][] 
 []


Overfull \hbox (7.73943pt too wide) in paragraph at lines 1476--1600
 [][][][][][][][][][][][][][][] 
 []


Overfull \hbox (7.73943pt too wide) in paragraph at lines 1476--1600
 [][][][][][][][][][][][][][][] 
 []


Overfull \hbox (7.73943pt too wide) in paragraph at lines 1476--1600
 [][][][][][][][][][][][][] 
 []

[24]
\openout3 = `paper.ptb'.

\openout3 = `paper.ptb'.

\openout3 = `paper.ptb'.

) (./Alignment.tex [25]
\openout3 = `paper.ptb'.

\openout3 = `paper.ptb'.

\openout3 = `paper.ptb'.

\openout3 = `paper.ptb'.

\openout3 = `paper.ptb'.

 [26]
\openout3 = `paper.ptb'.

\openout3 = `paper.ptb'.

\openout3 = `paper.ptb'.

\openout3 = `paper.ptb'.

 [27]
\openout3 = `paper.ptb'.

\openout3 = `paper.ptb'.

\openout3 = `paper.ptb'.

\openout3 = `paper.ptb'.

 [28]
\openout3 = `paper.ptb'.

 [29]
\openout3 = `paper.ptb'.


Overfull \hbox (7.71341pt too wide) in paragraph at lines 749--753
\OT1/cmr/m/n/10 For ex-am-ple, the delta we have in mind be-tween $[]$ and $[]$

 []

\openout3 = `paper.ptb'.

\openout3 = `paper.ptb'.


Overfull \hbox (11.58873pt too wide) in paragraph at lines 779--836
 [][][][][][] 
 []


Overfull \hbox (11.58873pt too wide) in paragraph at lines 779--836
 [][][][][][][] 
 []


Overfull \hbox (11.58873pt too wide) in paragraph at lines 779--836
 [][][][][][][] 
 []


Overfull \hbox (11.58873pt too wide) in paragraph at lines 779--836
 [][][][][] 
 []


Overfull \hbox (11.58873pt too wide) in paragraph at lines 779--836
 [][][] 
 []


Overfull \hbox (11.58873pt too wide) in paragraph at lines 779--836
 [][][][][] 
 []


Overfull \hbox (11.58873pt too wide) in paragraph at lines 779--836
 [][][][][] 
 []


Overfull \hbox (11.58873pt too wide) in paragraph at lines 779--836
 [][][][][] 
 []


Overfull \hbox (11.58873pt too wide) in paragraph at lines 779--836
 [][][][][][][] 
 []


Overfull \hbox (11.58873pt too wide) in paragraph at lines 779--836
 [][][][][][][][][] 
 []


Overfull \hbox (11.58873pt too wide) in paragraph at lines 779--836
 [][][][][] 
 []


Overfull \hbox (11.58873pt too wide) in paragraph at lines 779--836
 [][][][][][][] 
 []


Overfull \hbox (11.58873pt too wide) in paragraph at lines 779--836
 [][][][][] 
 []

[30]
\openout3 = `paper.ptb'.

 [31]
\openout3 = `paper.ptb'.

\openout3 = `paper.ptb'.

\openout3 = `paper.ptb'.

\openout3 = `paper.ptb'.

) (./Brul.tex [32]
\openout3 = `paper.ptb'.

\openout3 = `paper.ptb'.

\openout3 = `paper.ptb'.


Overfull \hbox (30.33775pt too wide) in paragraph at lines 540--567
 [][][][][][][][] 
 []


Overfull \hbox (30.33775pt too wide) in paragraph at lines 540--567
 [][][][][][][] 
 []


Overfull \hbox (30.33775pt too wide) in paragraph at lines 540--567
 [][][] 
 []


Overfull \hbox (30.33775pt too wide) in paragraph at lines 540--567
 [][][] 
 []


Overfull \hbox (30.33775pt too wide) in paragraph at lines 540--567
 [][][][][][][] 
 []


Overfull \hbox (30.33775pt too wide) in paragraph at lines 540--567
 [][][] 
 []

\openout3 = `paper.ptb'.

[33]
\openout3 = `paper.ptb'.

\openout3 = `paper.ptb'.

 [34]
\openout3 = `paper.ptb'.


Overfull \hbox (26.80862pt too wide) in paragraph at lines 658--746
 [][] 
 []


Overfull \hbox (26.80862pt too wide) in paragraph at lines 658--746
 [][][][][] 
 []


Overfull \hbox (26.80862pt too wide) in paragraph at lines 658--746
 [][][][][] 
 []


Overfull \hbox (26.80862pt too wide) in paragraph at lines 658--746
 [][][][][] 
 []


Overfull \hbox (26.80862pt too wide) in paragraph at lines 658--746
 [][][][][] 
 []


Overfull \hbox (26.80862pt too wide) in paragraph at lines 658--746
 [][][] 
 []


Overfull \hbox (26.80862pt too wide) in paragraph at lines 658--746
 [][][][][] 
 []


Overfull \hbox (26.80862pt too wide) in paragraph at lines 658--746
 [][][][][] 
 []


Overfull \hbox (26.80862pt too wide) in paragraph at lines 658--746
 [][][][][] 
 []


Overfull \hbox (26.80862pt too wide) in paragraph at lines 658--746
 [][][][][] 
 []


Overfull \hbox (26.80862pt too wide) in paragraph at lines 658--746
 [][][][][] 
 []


Overfull \hbox (26.80862pt too wide) in paragraph at lines 658--746
 [][][][][] 
 []


Overfull \hbox (26.80862pt too wide) in paragraph at lines 658--746
 [][][][][] 
 []


Overfull \hbox (26.80862pt too wide) in paragraph at lines 658--746
 [][][][][] 
 []


Overfull \hbox (26.80862pt too wide) in paragraph at lines 658--746
 [][][][][] 
 []


Overfull \hbox (26.80862pt too wide) in paragraph at lines 658--746
 [][][][][] 
 []


Overfull \hbox (26.80862pt too wide) in paragraph at lines 658--746
 [][][][][] 
 []


Overfull \hbox (26.80862pt too wide) in paragraph at lines 658--746
 [][][][][] 
 []


Overfull \hbox (26.80862pt too wide) in paragraph at lines 658--746
 [][][][][] 
 []


Overfull \hbox (26.80862pt too wide) in paragraph at lines 658--746
 [][][][][] 
 []


Overfull \hbox (26.80862pt too wide) in paragraph at lines 658--746
 [][][][][] 
 []


Overfull \hbox (26.80862pt too wide) in paragraph at lines 658--746
 [][][][][][][] 
 []


Overfull \hbox (26.80862pt too wide) in paragraph at lines 658--746
 [][][][][] 
 []


Overfull \hbox (26.80862pt too wide) in paragraph at lines 658--746
 [][][][][] 
 []


Overfull \hbox (26.80862pt too wide) in paragraph at lines 658--746
 [][][][][][][] 
 []


Overfull \hbox (26.80862pt too wide) in paragraph at lines 658--746
 [][][] 
 []

\openout3 = `paper.ptb'.

[35]
\openout3 = `paper.ptb'.


Overfull \hbox (44.54733pt too wide) in paragraph at lines 776--881
 [][] 
 []


Overfull \hbox (44.54733pt too wide) in paragraph at lines 776--881
 [][][][][] 
 []


Overfull \hbox (44.54733pt too wide) in paragraph at lines 776--881
 [][][][][] 
 []


Overfull \hbox (44.54733pt too wide) in paragraph at lines 776--881
 [][][][][] 
 []


Overfull \hbox (44.54733pt too wide) in paragraph at lines 776--881
 [][][][][] 
 []


Overfull \hbox (44.54733pt too wide) in paragraph at lines 776--881
 [][][] 
 []


Overfull \hbox (44.54733pt too wide) in paragraph at lines 776--881
 [][][][][] 
 []


Overfull \hbox (44.54733pt too wide) in paragraph at lines 776--881
 [][][][][] 
 []


Overfull \hbox (44.54733pt too wide) in paragraph at lines 776--881
 [][][][][] 
 []


Overfull \hbox (44.54733pt too wide) in paragraph at lines 776--881
 [][][][][] 
 []


Overfull \hbox (44.54733pt too wide) in paragraph at lines 776--881
 [][][][][] 
 []


Overfull \hbox (44.54733pt too wide) in paragraph at lines 776--881
 [][][][][] 
 []


Overfull \hbox (44.54733pt too wide) in paragraph at lines 776--881
 [][][][][] 
 []


Overfull \hbox (44.54733pt too wide) in paragraph at lines 776--881
 [][][][][] 
 []


Overfull \hbox (44.54733pt too wide) in paragraph at lines 776--881
 [][][][][] 
 []


Overfull \hbox (44.54733pt too wide) in paragraph at lines 776--881
 [][][][][] 
 []


Overfull \hbox (44.54733pt too wide) in paragraph at lines 776--881
 [][][][][] 
 []


Overfull \hbox (44.54733pt too wide) in paragraph at lines 776--881
 [][][][][] 
 []


Overfull \hbox (44.54733pt too wide) in paragraph at lines 776--881
 [][][][][] 
 []


Overfull \hbox (44.54733pt too wide) in paragraph at lines 776--881
 [][][][][] 
 []


Overfull \hbox (44.54733pt too wide) in paragraph at lines 776--881
 [][][][][] 
 []


Overfull \hbox (44.54733pt too wide) in paragraph at lines 776--881
 [][][][][] 
 []


Overfull \hbox (44.54733pt too wide) in paragraph at lines 776--881
 [][][][][] 
 []


Overfull \hbox (44.54733pt too wide) in paragraph at lines 776--881
 [][][][][] 
 []


Overfull \hbox (44.54733pt too wide) in paragraph at lines 776--881
 [][][][][] 
 []


Overfull \hbox (44.54733pt too wide) in paragraph at lines 776--881
 [][][][][] 
 []


Overfull \hbox (44.54733pt too wide) in paragraph at lines 776--881
 [][][][][][][] 
 []


Overfull \hbox (44.54733pt too wide) in paragraph at lines 776--881
 [][][][][] 
 []


Overfull \hbox (44.54733pt too wide) in paragraph at lines 776--881
 [][][][][] 
 []


Overfull \hbox (44.54733pt too wide) in paragraph at lines 776--881
 [][][][][][][] 
 []


Overfull \hbox (44.54733pt too wide) in paragraph at lines 776--881
 [][][] 
 []


Overfull \hbox (2.30496pt too wide) in paragraph at lines 885--887
\OT1/cmr/m/n/10 With $[]$, we can de-scribe var-i-ous up-date poli-cies for the
 se-lec-tion/projection
 []

\openout3 = `paper.ptb'.

[36]
\openout3 = `paper.ptb'.

\openout3 = `paper.ptb'.

 [37]
\openout3 = `paper.ptb'.

) (./BiYacc.tex [38]
\openout3 = `paper.ptb'.

\openout3 = `paper.ptb'.

\openout3 = `paper.ptb'.

 [39]
\openout3 = `paper.ptb'.

\openout3 = `paper.ptb'.

\openout3 = `paper.ptb'.

\openout3 = `paper.ptb'.

\openout3 = `paper.ptb'.


Overfull \hbox (4.37854pt too wide) in paragraph at lines 765--843
 [][][][][][] 
 []


Overfull \hbox (4.37854pt too wide) in paragraph at lines 765--843
 [][][][][][][] 
 []


Overfull \hbox (4.37854pt too wide) in paragraph at lines 765--843
 [][][][][] 
 []


Overfull \hbox (4.37854pt too wide) in paragraph at lines 765--843
 [][][][][][][] 
 []


Overfull \hbox (4.37854pt too wide) in paragraph at lines 765--843
 [][][] 
 []


Overfull \hbox (4.37854pt too wide) in paragraph at lines 765--843
 [][][][][] 
 []


Overfull \hbox (4.37854pt too wide) in paragraph at lines 765--843
 [][][][][][][] 
 []


Overfull \hbox (4.37854pt too wide) in paragraph at lines 765--843
 [][][] 
 []


Overfull \hbox (4.37854pt too wide) in paragraph at lines 765--843
 [][][][][] 
 []


Overfull \hbox (4.37854pt too wide) in paragraph at lines 765--843
 [][][][][][][] 
 []


Overfull \hbox (4.37854pt too wide) in paragraph at lines 765--843
 [][][] 
 []


Overfull \hbox (4.37854pt too wide) in paragraph at lines 765--843
 [][][][][] 
 []


Overfull \hbox (4.37854pt too wide) in paragraph at lines 765--843
 [][][][][][][] 
 []


Overfull \hbox (4.37854pt too wide) in paragraph at lines 765--843
 [][][][][][][] 
 []


Overfull \hbox (4.37854pt too wide) in paragraph at lines 765--843
 [][][][][] 
 []


Overfull \hbox (4.37854pt too wide) in paragraph at lines 765--843
 [][][][][] 
 []


Overfull \hbox (4.37854pt too wide) in paragraph at lines 765--843
 [][][][][] 
 []


Overfull \hbox (4.37854pt too wide) in paragraph at lines 765--843
 [][][][][] 
 []


Overfull \hbox (4.37854pt too wide) in paragraph at lines 765--843
 [][][][][] 
 []


Overfull \hbox (4.37854pt too wide) in paragraph at lines 765--843
 [][][][][] 
 []


Overfull \hbox (4.37854pt too wide) in paragraph at lines 765--843
 [][][][][] 
 []

[40]
\openout3 = `paper.ptb'.

\openout3 = `paper.ptb'.


Overfull \hbox (4.37854pt too wide) in paragraph at lines 861--976
 [][][][][][] 
 []


Overfull \hbox (4.37854pt too wide) in paragraph at lines 861--976
 [][][][][][][] 
 []


Overfull \hbox (4.37854pt too wide) in paragraph at lines 861--976
 [][][][][] 
 []


Overfull \hbox (4.37854pt too wide) in paragraph at lines 861--976
 [][][][][] 
 []


Overfull \hbox (4.37854pt too wide) in paragraph at lines 861--976
 [][][][][] 
 []


Overfull \hbox (4.37854pt too wide) in paragraph at lines 861--976
 [][][][][] 
 []


Overfull \hbox (4.37854pt too wide) in paragraph at lines 861--976
 [][][][][] 
 []


Overfull \hbox (4.37854pt too wide) in paragraph at lines 861--976
 [][][][][] 
 []


Overfull \hbox (4.37854pt too wide) in paragraph at lines 861--976
 [][][][][] 
 []


Overfull \hbox (4.37854pt too wide) in paragraph at lines 861--976
 [][][][][] 
 []


Overfull \hbox (4.37854pt too wide) in paragraph at lines 861--976
 [][][][][] 
 []


Overfull \hbox (4.37854pt too wide) in paragraph at lines 861--976
 [][][][][] 
 []


Overfull \hbox (4.37854pt too wide) in paragraph at lines 861--976
 [][][][][] 
 []


Overfull \hbox (4.37854pt too wide) in paragraph at lines 861--976
 [][][][][] 
 []


Overfull \hbox (4.37854pt too wide) in paragraph at lines 861--976
 [][][][][] 
 []


Overfull \hbox (4.37854pt too wide) in paragraph at lines 861--976
 [][][][][] 
 []


Overfull \hbox (4.37854pt too wide) in paragraph at lines 861--976
 [][][][][] 
 []


Overfull \hbox (4.37854pt too wide) in paragraph at lines 861--976
 [][][][][] 
 []


Overfull \hbox (4.37854pt too wide) in paragraph at lines 861--976
 [][][][][][][] 
 []


Overfull \hbox (4.37854pt too wide) in paragraph at lines 861--976
 [][][][][][][] 
 []


Overfull \hbox (4.37854pt too wide) in paragraph at lines 861--976
 [][][][][] 
 []


Overfull \hbox (4.37854pt too wide) in paragraph at lines 861--976
 [][][][][] 
 []


Overfull \hbox (4.37854pt too wide) in paragraph at lines 861--976
 [][][][][] 
 []


Overfull \hbox (4.37854pt too wide) in paragraph at lines 861--976
 [][][][][] 
 []


Overfull \hbox (4.37854pt too wide) in paragraph at lines 861--976
 [][][][][] 
 []


Overfull \hbox (4.37854pt too wide) in paragraph at lines 861--976
 [][][][][] 
 []


Overfull \hbox (4.37854pt too wide) in paragraph at lines 861--976
 [][][][][] 
 []


Overfull \hbox (4.37854pt too wide) in paragraph at lines 861--976
 [][][][][] 
 []


Overfull \hbox (4.37854pt too wide) in paragraph at lines 861--976
 [][][][][] 
 []


Overfull \hbox (4.37854pt too wide) in paragraph at lines 861--976
 [][][][][] 
 []


Overfull \hbox (4.37854pt too wide) in paragraph at lines 861--976
 [][][][][] 
 []


Overfull \hbox (4.37854pt too wide) in paragraph at lines 861--976
 [][][][][] 
 []


Overfull \hbox (4.37854pt too wide) in paragraph at lines 861--976
 [][][][][] 
 []

[41] [42]
\openout3 = `paper.ptb'.

 [43]) (./paper.bbl [44]) [45] (./paper.aux)

LaTeX Font Warning: Some font shapes were not available, defaults substituted.


LaTeX Warning: Label(s) may have changed. Rerun to get cross-references right.

 ) 
Here is how much of TeX's memory you used:
 3991 strings out of 493777
 50876 string characters out of 6151335
 128848 words of memory out of 5000000
 7372 multiletter control sequences out of 15000+600000
 23867 words of font info for 93 fonts, out of 8000000 for 9000
 929 hyphenation exceptions out of 8191
 32i,13n,79p,676b,564s stack positions out of 5000i,500n,10000p,200000b,80000s

Output written on paper.dvi (45 pages, 175312 bytes).
